Archive member included to satisfy reference by file (symbol)

d:/aplikacje/atollictruestudio/truestudio for stm32 9.3.0/armtools/bin/../lib/gcc/arm-atollic-eabi/6.3.1/../../../../arm-atollic-eabi/lib/armv7e-m/fpu\libc_nano.a(lib_a-init.o)
                              src\startup_stm32f411xe.o (__libc_init_array)
d:/aplikacje/atollictruestudio/truestudio for stm32 9.3.0/armtools/bin/../lib/gcc/arm-atollic-eabi/6.3.1/../../../../arm-atollic-eabi/lib/armv7e-m/fpu\libc_nano.a(lib_a-strlen.o)
                              src\tiny_printf.o (strlen)
d:/aplikacje/atollictruestudio/truestudio for stm32 9.3.0/armtools/bin/../lib/gcc/arm-atollic-eabi/6.3.1/../../../../arm-atollic-eabi/lib/armv7e-m/fpu\libnosys.a(write.o)
                              src\tiny_printf.o (_write)
d:/aplikacje/atollictruestudio/truestudio for stm32 9.3.0/armtools/bin/../lib/gcc/arm-atollic-eabi/6.3.1/../../../../arm-atollic-eabi/lib/armv7e-m/fpu\libnosys.a(errno.o)
                              d:/aplikacje/atollictruestudio/truestudio for stm32 9.3.0/armtools/bin/../lib/gcc/arm-atollic-eabi/6.3.1/../../../../arm-atollic-eabi/lib/armv7e-m/fpu\libnosys.a(write.o) (errno)

Allocating common symbols
Common symbol       size              file

errno               0x4               d:/aplikacje/atollictruestudio/truestudio for stm32 9.3.0/armtools/bin/../lib/gcc/arm-atollic-eabi/6.3.1/../../../../arm-atollic-eabi/lib/armv7e-m/fpu\libnosys.a(errno.o)

Discarded input sections

 .text          0x00000000        0x0 d:/aplikacje/atollictruestudio/truestudio for stm32 9.3.0/armtools/bin/../lib/gcc/arm-atollic-eabi/6.3.1/armv7e-m/fpu/crti.o
 .data          0x00000000        0x0 d:/aplikacje/atollictruestudio/truestudio for stm32 9.3.0/armtools/bin/../lib/gcc/arm-atollic-eabi/6.3.1/armv7e-m/fpu/crti.o
 .bss           0x00000000        0x0 d:/aplikacje/atollictruestudio/truestudio for stm32 9.3.0/armtools/bin/../lib/gcc/arm-atollic-eabi/6.3.1/armv7e-m/fpu/crti.o
 .data          0x00000000        0x4 d:/aplikacje/atollictruestudio/truestudio for stm32 9.3.0/armtools/bin/../lib/gcc/arm-atollic-eabi/6.3.1/armv7e-m/fpu/crtbegin.o
 .text          0x00000000        0x0 src\conf_gpio.o
 .data          0x00000000        0x0 src\conf_gpio.o
 .bss           0x00000000        0x0 src\conf_gpio.o
 .text          0x00000000        0x0 src\main.o
 .data          0x00000000        0x0 src\main.o
 .bss           0x00000000        0x0 src\main.o
 .text          0x00000000       0x14 src\startup_stm32f411xe.o
 .data          0x00000000        0x0 src\startup_stm32f411xe.o
 .bss           0x00000000        0x0 src\startup_stm32f411xe.o
 .text          0x00000000        0x0 src\system_stm32f4xx.o
 .data          0x00000000        0x0 src\system_stm32f4xx.o
 .bss           0x00000000        0x0 src\system_stm32f4xx.o
 .data.SystemCoreClock
                0x00000000        0x4 src\system_stm32f4xx.o
 .rodata.AHBPrescTable
                0x00000000       0x10 src\system_stm32f4xx.o
 .text.SystemCoreClockUpdate
                0x00000000       0xf4 src\system_stm32f4xx.o
 .text          0x00000000        0x0 src\tiny_printf.o
 .data          0x00000000        0x0 src\tiny_printf.o
 .bss           0x00000000        0x0 src\tiny_printf.o
 .text.ts_itoa  0x00000000       0x92 src\tiny_printf.o
 .text.ts_formatstring
                0x00000000      0x12e src\tiny_printf.o
 .text.ts_formatlength
                0x00000000      0x12c src\tiny_printf.o
 .text.siprintf
                0x00000000       0x2c src\tiny_printf.o
 .text.fiprintf
                0x00000000       0x9a src\tiny_printf.o
 .text.iprintf  0x00000000       0x92 src\tiny_printf.o
 .rodata        0x00000000        0x2 src\tiny_printf.o
 .text.fputs    0x00000000       0x68 src\tiny_printf.o
 .text.puts     0x00000000       0x58 src\tiny_printf.o
 .text.fwrite   0x00000000       0x38 src\tiny_printf.o
 .debug_info    0x00000000      0xc78 src\tiny_printf.o
 .debug_abbrev  0x00000000      0x262 src\tiny_printf.o
 .debug_aranges
                0x00000000       0x60 src\tiny_printf.o
 .debug_ranges  0x00000000       0x50 src\tiny_printf.o
 .debug_line    0x00000000      0x2bf src\tiny_printf.o
 .debug_str     0x00000000      0x676 src\tiny_printf.o
 .comment       0x00000000       0x7d src\tiny_printf.o
 .debug_frame   0x00000000      0x1bc src\tiny_printf.o
 .ARM.attributes
                0x00000000       0x39 src\tiny_printf.o
 .text          0x00000000        0x0 d:/aplikacje/atollictruestudio/truestudio for stm32 9.3.0/armtools/bin/../lib/gcc/arm-atollic-eabi/6.3.1/../../../../arm-atollic-eabi/lib/armv7e-m/fpu\libc_nano.a(lib_a-init.o)
 .data          0x00000000        0x0 d:/aplikacje/atollictruestudio/truestudio for stm32 9.3.0/armtools/bin/../lib/gcc/arm-atollic-eabi/6.3.1/../../../../arm-atollic-eabi/lib/armv7e-m/fpu\libc_nano.a(lib_a-init.o)
 .bss           0x00000000        0x0 d:/aplikacje/atollictruestudio/truestudio for stm32 9.3.0/armtools/bin/../lib/gcc/arm-atollic-eabi/6.3.1/../../../../arm-atollic-eabi/lib/armv7e-m/fpu\libc_nano.a(lib_a-init.o)
 .text          0x00000000       0x10 d:/aplikacje/atollictruestudio/truestudio for stm32 9.3.0/armtools/bin/../lib/gcc/arm-atollic-eabi/6.3.1/../../../../arm-atollic-eabi/lib/armv7e-m/fpu\libc_nano.a(lib_a-strlen.o)
 .data          0x00000000        0x0 d:/aplikacje/atollictruestudio/truestudio for stm32 9.3.0/armtools/bin/../lib/gcc/arm-atollic-eabi/6.3.1/../../../../arm-atollic-eabi/lib/armv7e-m/fpu\libc_nano.a(lib_a-strlen.o)
 .bss           0x00000000        0x0 d:/aplikacje/atollictruestudio/truestudio for stm32 9.3.0/armtools/bin/../lib/gcc/arm-atollic-eabi/6.3.1/../../../../arm-atollic-eabi/lib/armv7e-m/fpu\libc_nano.a(lib_a-strlen.o)
 .ARM.attributes
                0x00000000       0x1b d:/aplikacje/atollictruestudio/truestudio for stm32 9.3.0/armtools/bin/../lib/gcc/arm-atollic-eabi/6.3.1/../../../../arm-atollic-eabi/lib/armv7e-m/fpu\libc_nano.a(lib_a-strlen.o)
 .text          0x00000000        0x0 d:/aplikacje/atollictruestudio/truestudio for stm32 9.3.0/armtools/bin/../lib/gcc/arm-atollic-eabi/6.3.1/../../../../arm-atollic-eabi/lib/armv7e-m/fpu\libnosys.a(write.o)
 .data          0x00000000        0x0 d:/aplikacje/atollictruestudio/truestudio for stm32 9.3.0/armtools/bin/../lib/gcc/arm-atollic-eabi/6.3.1/../../../../arm-atollic-eabi/lib/armv7e-m/fpu\libnosys.a(write.o)
 .bss           0x00000000        0x0 d:/aplikacje/atollictruestudio/truestudio for stm32 9.3.0/armtools/bin/../lib/gcc/arm-atollic-eabi/6.3.1/../../../../arm-atollic-eabi/lib/armv7e-m/fpu\libnosys.a(write.o)
 .stab          0x00000000       0x24 d:/aplikacje/atollictruestudio/truestudio for stm32 9.3.0/armtools/bin/../lib/gcc/arm-atollic-eabi/6.3.1/../../../../arm-atollic-eabi/lib/armv7e-m/fpu\libnosys.a(write.o)
 .text._write   0x00000000       0x10 d:/aplikacje/atollictruestudio/truestudio for stm32 9.3.0/armtools/bin/../lib/gcc/arm-atollic-eabi/6.3.1/../../../../arm-atollic-eabi/lib/armv7e-m/fpu\libnosys.a(write.o)
 .debug_frame   0x00000000       0x20 d:/aplikacje/atollictruestudio/truestudio for stm32 9.3.0/armtools/bin/../lib/gcc/arm-atollic-eabi/6.3.1/../../../../arm-atollic-eabi/lib/armv7e-m/fpu\libnosys.a(write.o)
 .ARM.attributes
                0x00000000       0x34 d:/aplikacje/atollictruestudio/truestudio for stm32 9.3.0/armtools/bin/../lib/gcc/arm-atollic-eabi/6.3.1/../../../../arm-atollic-eabi/lib/armv7e-m/fpu\libnosys.a(write.o)
 .text          0x00000000        0x0 d:/aplikacje/atollictruestudio/truestudio for stm32 9.3.0/armtools/bin/../lib/gcc/arm-atollic-eabi/6.3.1/../../../../arm-atollic-eabi/lib/armv7e-m/fpu\libnosys.a(errno.o)
 .data          0x00000000        0x0 d:/aplikacje/atollictruestudio/truestudio for stm32 9.3.0/armtools/bin/../lib/gcc/arm-atollic-eabi/6.3.1/../../../../arm-atollic-eabi/lib/armv7e-m/fpu\libnosys.a(errno.o)
 .bss           0x00000000        0x0 d:/aplikacje/atollictruestudio/truestudio for stm32 9.3.0/armtools/bin/../lib/gcc/arm-atollic-eabi/6.3.1/../../../../arm-atollic-eabi/lib/armv7e-m/fpu\libnosys.a(errno.o)
 .ARM.attributes
                0x00000000       0x34 d:/aplikacje/atollictruestudio/truestudio for stm32 9.3.0/armtools/bin/../lib/gcc/arm-atollic-eabi/6.3.1/../../../../arm-atollic-eabi/lib/armv7e-m/fpu\libnosys.a(errno.o)
 COMMON         0x00000000        0x4 d:/aplikacje/atollictruestudio/truestudio for stm32 9.3.0/armtools/bin/../lib/gcc/arm-atollic-eabi/6.3.1/../../../../arm-atollic-eabi/lib/armv7e-m/fpu\libnosys.a(errno.o)
 .text          0x00000000        0x0 d:/aplikacje/atollictruestudio/truestudio for stm32 9.3.0/armtools/bin/../lib/gcc/arm-atollic-eabi/6.3.1/armv7e-m/fpu/crtend.o
 .data          0x00000000        0x0 d:/aplikacje/atollictruestudio/truestudio for stm32 9.3.0/armtools/bin/../lib/gcc/arm-atollic-eabi/6.3.1/armv7e-m/fpu/crtend.o
 .bss           0x00000000        0x0 d:/aplikacje/atollictruestudio/truestudio for stm32 9.3.0/armtools/bin/../lib/gcc/arm-atollic-eabi/6.3.1/armv7e-m/fpu/crtend.o
 .eh_frame      0x00000000        0x4 d:/aplikacje/atollictruestudio/truestudio for stm32 9.3.0/armtools/bin/../lib/gcc/arm-atollic-eabi/6.3.1/armv7e-m/fpu/crtend.o
 .ARM.attributes
                0x00000000       0x34 d:/aplikacje/atollictruestudio/truestudio for stm32 9.3.0/armtools/bin/../lib/gcc/arm-atollic-eabi/6.3.1/armv7e-m/fpu/crtend.o
 .text          0x00000000        0x0 d:/aplikacje/atollictruestudio/truestudio for stm32 9.3.0/armtools/bin/../lib/gcc/arm-atollic-eabi/6.3.1/armv7e-m/fpu/crtn.o
 .data          0x00000000        0x0 d:/aplikacje/atollictruestudio/truestudio for stm32 9.3.0/armtools/bin/../lib/gcc/arm-atollic-eabi/6.3.1/armv7e-m/fpu/crtn.o
 .bss           0x00000000        0x0 d:/aplikacje/atollictruestudio/truestudio for stm32 9.3.0/armtools/bin/../lib/gcc/arm-atollic-eabi/6.3.1/armv7e-m/fpu/crtn.o

Memory Configuration

Name             Origin             Length             Attributes
FLASH            0x08000000         0x00080000         xr
RAM              0x20000000         0x00020000         xrw
MEMORY_B1        0x60000000         0x00000000         xr
*default*        0x00000000         0xffffffff

Linker script and memory map

LOAD d:/aplikacje/atollictruestudio/truestudio for stm32 9.3.0/armtools/bin/../lib/gcc/arm-atollic-eabi/6.3.1/armv7e-m/fpu/crti.o
LOAD d:/aplikacje/atollictruestudio/truestudio for stm32 9.3.0/armtools/bin/../lib/gcc/arm-atollic-eabi/6.3.1/armv7e-m/fpu/crtbegin.o
LOAD src\conf_gpio.o
LOAD src\main.o
LOAD src\startup_stm32f411xe.o
LOAD src\system_stm32f4xx.o
LOAD src\tiny_printf.o
                0x00000080                malloc_getpagesize_P = 0x80
START GROUP
LOAD d:/aplikacje/atollictruestudio/truestudio for stm32 9.3.0/armtools/bin/../lib/gcc/arm-atollic-eabi/6.3.1/../../../../arm-atollic-eabi/lib/armv7e-m/fpu\libc_nano.a
LOAD d:/aplikacje/atollictruestudio/truestudio for stm32 9.3.0/armtools/bin/../lib/gcc/arm-atollic-eabi/6.3.1/../../../../arm-atollic-eabi/lib/armv7e-m/fpu\libm.a
END GROUP
START GROUP
LOAD d:/aplikacje/atollictruestudio/truestudio for stm32 9.3.0/armtools/bin/../lib/gcc/arm-atollic-eabi/6.3.1/armv7e-m/fpu\libgcc.a
LOAD d:/aplikacje/atollictruestudio/truestudio for stm32 9.3.0/armtools/bin/../lib/gcc/arm-atollic-eabi/6.3.1/../../../../arm-atollic-eabi/lib/armv7e-m/fpu\libc_nano.a
END GROUP
START GROUP
LOAD d:/aplikacje/atollictruestudio/truestudio for stm32 9.3.0/armtools/bin/../lib/gcc/arm-atollic-eabi/6.3.1/armv7e-m/fpu\libgcc.a
LOAD d:/aplikacje/atollictruestudio/truestudio for stm32 9.3.0/armtools/bin/../lib/gcc/arm-atollic-eabi/6.3.1/../../../../arm-atollic-eabi/lib/armv7e-m/fpu\libc_nano.a
LOAD d:/aplikacje/atollictruestudio/truestudio for stm32 9.3.0/armtools/bin/../lib/gcc/arm-atollic-eabi/6.3.1/../../../../arm-atollic-eabi/lib/armv7e-m/fpu\libnosys.a
END GROUP
START GROUP
LOAD d:/aplikacje/atollictruestudio/truestudio for stm32 9.3.0/armtools/bin/../lib/gcc/arm-atollic-eabi/6.3.1/armv7e-m/fpu\libgcc.a
LOAD d:/aplikacje/atollictruestudio/truestudio for stm32 9.3.0/armtools/bin/../lib/gcc/arm-atollic-eabi/6.3.1/../../../../arm-atollic-eabi/lib/armv7e-m/fpu\libc_nano.a
LOAD d:/aplikacje/atollictruestudio/truestudio for stm32 9.3.0/armtools/bin/../lib/gcc/arm-atollic-eabi/6.3.1/../../../../arm-atollic-eabi/lib/armv7e-m/fpu\libnosys.a
END GROUP
LOAD d:/aplikacje/atollictruestudio/truestudio for stm32 9.3.0/armtools/bin/../lib/gcc/arm-atollic-eabi/6.3.1/armv7e-m/fpu/crtend.o
LOAD d:/aplikacje/atollictruestudio/truestudio for stm32 9.3.0/armtools/bin/../lib/gcc/arm-atollic-eabi/6.3.1/armv7e-m/fpu/crtn.o
                0x20020000                _estack = 0x20020000
                0x00000000                _Min_Heap_Size = 0x0
                0x00000400                _Min_Stack_Size = 0x400

.isr_vector     0x08000000      0x198
                0x08000000                . = ALIGN (0x4)
 *(.isr_vector)
 .isr_vector    0x08000000      0x198 src\startup_stm32f411xe.o
                0x08000000                g_pfnVectors
                0x08000198                . = ALIGN (0x4)

.text           0x08000198      0x50c
                0x08000198                . = ALIGN (0x4)
 *(.text)
 .text          0x08000198       0x40 d:/aplikacje/atollictruestudio/truestudio for stm32 9.3.0/armtools/bin/../lib/gcc/arm-atollic-eabi/6.3.1/armv7e-m/fpu/crtbegin.o
 *(.text*)
 .text.gpio_pin_cfg
                0x080001d8      0x122 src\conf_gpio.o
                0x080001d8                gpio_pin_cfg
 *fill*         0x080002fa        0x2 
 .text.NVIC_SetPriority
                0x080002fc       0x54 src\main.o
 .text.SysTick_Config
                0x08000350       0x44 src\main.o
 .text.main     0x08000394      0x16c src\main.o
                0x08000394                main
 .text.SysTick_Handler
                0x08000500       0x84 src\main.o
                0x08000500                SysTick_Handler
 .text.Reset_Handler
                0x08000584       0x50 src\startup_stm32f411xe.o
                0x08000584                Reset_Handler
 .text.Default_Handler
                0x080005d4        0x2 src\startup_stm32f411xe.o
                0x080005d4                RTC_Alarm_IRQHandler
                0x080005d4                EXTI2_IRQHandler
                0x080005d4                DebugMon_Handler
                0x080005d4                SPI4_IRQHandler
                0x080005d4                TIM1_CC_IRQHandler
                0x080005d4                DMA2_Stream5_IRQHandler
                0x080005d4                HardFault_Handler
                0x080005d4                DMA1_Stream5_IRQHandler
                0x080005d4                PVD_IRQHandler
                0x080005d4                SDIO_IRQHandler
                0x080005d4                TAMP_STAMP_IRQHandler
                0x080005d4                PendSV_Handler
                0x080005d4                NMI_Handler
                0x080005d4                EXTI3_IRQHandler
                0x080005d4                TIM1_UP_TIM10_IRQHandler
                0x080005d4                I2C3_ER_IRQHandler
                0x080005d4                EXTI0_IRQHandler
                0x080005d4                I2C2_EV_IRQHandler
                0x080005d4                DMA1_Stream2_IRQHandler
                0x080005d4                FPU_IRQHandler
                0x080005d4                UsageFault_Handler
                0x080005d4                DMA2_Stream2_IRQHandler
                0x080005d4                SPI1_IRQHandler
                0x080005d4                TIM1_BRK_TIM9_IRQHandler
                0x080005d4                DMA2_Stream3_IRQHandler
                0x080005d4                USART6_IRQHandler
                0x080005d4                DMA2_Stream0_IRQHandler
                0x080005d4                TIM4_IRQHandler
                0x080005d4                I2C1_EV_IRQHandler
                0x080005d4                DMA1_Stream6_IRQHandler
                0x080005d4                DMA1_Stream1_IRQHandler
                0x080005d4                TIM3_IRQHandler
                0x080005d4                RCC_IRQHandler
                0x080005d4                Default_Handler
                0x080005d4                EXTI15_10_IRQHandler
                0x080005d4                ADC_IRQHandler
                0x080005d4                DMA1_Stream7_IRQHandler
                0x080005d4                SPI5_IRQHandler
                0x080005d4                TIM5_IRQHandler
                0x080005d4                DMA2_Stream7_IRQHandler
                0x080005d4                I2C3_EV_IRQHandler
                0x080005d4                EXTI9_5_IRQHandler
                0x080005d4                RTC_WKUP_IRQHandler
                0x080005d4                SPI2_IRQHandler
                0x080005d4                MemManage_Handler
                0x080005d4                DMA1_Stream0_IRQHandler
                0x080005d4                SVC_Handler
                0x080005d4                EXTI4_IRQHandler
                0x080005d4                WWDG_IRQHandler
                0x080005d4                TIM2_IRQHandler
                0x080005d4                OTG_FS_WKUP_IRQHandler
                0x080005d4                TIM1_TRG_COM_TIM11_IRQHandler
                0x080005d4                EXTI1_IRQHandler
                0x080005d4                USART2_IRQHandler
                0x080005d4                I2C2_ER_IRQHandler
                0x080005d4                DMA2_Stream1_IRQHandler
                0x080005d4                FLASH_IRQHandler
                0x080005d4                DMA2_Stream4_IRQHandler
                0x080005d4                BusFault_Handler
                0x080005d4                USART1_IRQHandler
                0x080005d4                OTG_FS_IRQHandler
                0x080005d4                SPI3_IRQHandler
                0x080005d4                DMA1_Stream4_IRQHandler
                0x080005d4                I2C1_ER_IRQHandler
                0x080005d4                DMA2_Stream6_IRQHandler
                0x080005d4                DMA1_Stream3_IRQHandler
 *fill*         0x080005d6        0x2 
 .text.SystemInit
                0x080005d8       0x6c src\system_stm32f4xx.o
                0x080005d8                SystemInit
 .text.__libc_init_array
                0x08000644       0x48 d:/aplikacje/atollictruestudio/truestudio for stm32 9.3.0/armtools/bin/../lib/gcc/arm-atollic-eabi/6.3.1/../../../../arm-atollic-eabi/lib/armv7e-m/fpu\libc_nano.a(lib_a-init.o)
                0x08000644                __libc_init_array
 *(.glue_7)
 .glue_7        0x0800068c        0x0 linker stubs
 *(.glue_7t)
 .glue_7t       0x0800068c        0x0 linker stubs
 *(.eh_frame)
 .eh_frame      0x0800068c        0x0 d:/aplikacje/atollictruestudio/truestudio for stm32 9.3.0/armtools/bin/../lib/gcc/arm-atollic-eabi/6.3.1/armv7e-m/fpu/crtbegin.o
 *(.init)
 .init          0x0800068c        0x4 d:/aplikacje/atollictruestudio/truestudio for stm32 9.3.0/armtools/bin/../lib/gcc/arm-atollic-eabi/6.3.1/armv7e-m/fpu/crti.o
                0x0800068c                _init
 .init          0x08000690        0x8 d:/aplikacje/atollictruestudio/truestudio for stm32 9.3.0/armtools/bin/../lib/gcc/arm-atollic-eabi/6.3.1/armv7e-m/fpu/crtn.o
 *(.fini)
 .fini          0x08000698        0x4 d:/aplikacje/atollictruestudio/truestudio for stm32 9.3.0/armtools/bin/../lib/gcc/arm-atollic-eabi/6.3.1/armv7e-m/fpu/crti.o
                0x08000698                _fini
 .fini          0x0800069c        0x8 d:/aplikacje/atollictruestudio/truestudio for stm32 9.3.0/armtools/bin/../lib/gcc/arm-atollic-eabi/6.3.1/armv7e-m/fpu/crtn.o
                0x080006a4                . = ALIGN (0x4)
                0x080006a4                _etext = .

.vfp11_veneer   0x080006a4        0x0
 .vfp11_veneer  0x080006a4        0x0 linker stubs

.v4_bx          0x080006a4        0x0
 .v4_bx         0x080006a4        0x0 linker stubs

.iplt           0x080006a4        0x0
 .iplt          0x080006a4        0x0 d:/aplikacje/atollictruestudio/truestudio for stm32 9.3.0/armtools/bin/../lib/gcc/arm-atollic-eabi/6.3.1/armv7e-m/fpu/crtbegin.o

.rel.dyn        0x080006a4        0x0
 .rel.iplt      0x080006a4        0x0 d:/aplikacje/atollictruestudio/truestudio for stm32 9.3.0/armtools/bin/../lib/gcc/arm-atollic-eabi/6.3.1/armv7e-m/fpu/crtbegin.o

.rodata         0x080006a4        0x0
                0x080006a4                . = ALIGN (0x4)
 *(.rodata)
 *(.rodata*)
                0x080006a4                . = ALIGN (0x4)

.ARM.extab
 *(.ARM.extab* .gnu.linkonce.armextab.*)

.ARM            0x080006a4        0x0
                0x080006a4                __exidx_start = .
 *(.ARM.exidx*)
                0x080006a4                __exidx_end = .

.preinit_array  0x080006a4        0x0
                0x080006a4                PROVIDE (__preinit_array_start, .)
 *(.preinit_array*)
                0x080006a4                PROVIDE (__preinit_array_end, .)

.init_array     0x080006a4        0x4
                0x080006a4                PROVIDE (__init_array_start, .)
 *(SORT(.init_array.*))
 *(.init_array*)
 .init_array    0x080006a4        0x4 d:/aplikacje/atollictruestudio/truestudio for stm32 9.3.0/armtools/bin/../lib/gcc/arm-atollic-eabi/6.3.1/armv7e-m/fpu/crtbegin.o
                0x080006a8                PROVIDE (__init_array_end, .)

.fini_array     0x080006a8        0x4
                [!provide]                PROVIDE (__fini_array_start, .)
 *(SORT(.fini_array.*))
 *(.fini_array*)
 .fini_array    0x080006a8        0x4 d:/aplikacje/atollictruestudio/truestudio for stm32 9.3.0/armtools/bin/../lib/gcc/arm-atollic-eabi/6.3.1/armv7e-m/fpu/crtbegin.o
                [!provide]                PROVIDE (__fini_array_end, .)
                0x080006ac                _sidata = LOADADDR (.data)

.data           0x20000000        0x0 load address 0x080006ac
                0x20000000                . = ALIGN (0x4)
                0x20000000                _sdata = .
 *(.data)
 *(.data*)
                0x20000000                . = ALIGN (0x4)
                0x20000000                _edata = .

.igot.plt       0x20000000        0x0 load address 0x080006ac
 .igot.plt      0x20000000        0x0 d:/aplikacje/atollictruestudio/truestudio for stm32 9.3.0/armtools/bin/../lib/gcc/arm-atollic-eabi/6.3.1/armv7e-m/fpu/crtbegin.o
                0x20000000                . = ALIGN (0x4)

.bss            0x20000000       0x20 load address 0x080006ac
                0x20000000                _sbss = .
                0x20000000                __bss_start__ = _sbss
 *(.bss)
 .bss           0x20000000       0x1c d:/aplikacje/atollictruestudio/truestudio for stm32 9.3.0/armtools/bin/../lib/gcc/arm-atollic-eabi/6.3.1/armv7e-m/fpu/crtbegin.o
 *(.bss*)
 .bss.reminder  0x2000001c        0x1 src\main.o
                0x2000001c                reminder
 *(COMMON)
                0x20000020                . = ALIGN (0x4)
 *fill*         0x2000001d        0x3 
                0x20000020                _ebss = .
                0x20000020                __bss_end__ = _ebss

._user_heap_stack
                0x20000020      0x400 load address 0x080006ac
                0x20000020                . = ALIGN (0x4)
                [!provide]                PROVIDE (end, .)
                [!provide]                PROVIDE (_end, .)
                0x20000020                . = (. + _Min_Heap_Size)
                0x20000420                . = (. + _Min_Stack_Size)
 *fill*         0x20000020      0x400 
                0x20000420                . = ALIGN (0x4)

.memory_b1_text
 *(.mb1text)
 *(.mb1text*)
 *(.mb1rodata)
 *(.mb1rodata*)

/DISCARD/
 libc.a(*)
 libm.a(*)
 libgcc.a(*)

.ARM.attributes
                0x00000000       0x30
 *(.ARM.attributes)
 .ARM.attributes
                0x00000000       0x22 d:/aplikacje/atollictruestudio/truestudio for stm32 9.3.0/armtools/bin/../lib/gcc/arm-atollic-eabi/6.3.1/armv7e-m/fpu/crti.o
 .ARM.attributes
                0x00000022       0x34 d:/aplikacje/atollictruestudio/truestudio for stm32 9.3.0/armtools/bin/../lib/gcc/arm-atollic-eabi/6.3.1/armv7e-m/fpu/crtbegin.o
 .ARM.attributes
                0x00000056       0x39 src\conf_gpio.o
 .ARM.attributes
                0x0000008f       0x39 src\main.o
 .ARM.attributes
                0x000000c8       0x21 src\startup_stm32f411xe.o
 .ARM.attributes
                0x000000e9       0x39 src\system_stm32f4xx.o
 .ARM.attributes
                0x00000122       0x34 d:/aplikacje/atollictruestudio/truestudio for stm32 9.3.0/armtools/bin/../lib/gcc/arm-atollic-eabi/6.3.1/../../../../arm-atollic-eabi/lib/armv7e-m/fpu\libc_nano.a(lib_a-init.o)
 .ARM.attributes
                0x00000156       0x22 d:/aplikacje/atollictruestudio/truestudio for stm32 9.3.0/armtools/bin/../lib/gcc/arm-atollic-eabi/6.3.1/armv7e-m/fpu/crtn.o
OUTPUT(Watchdog.elf elf32-littlearm)

.debug_info     0x00000000     0x29a3
 .debug_info    0x00000000      0xe43 src\conf_gpio.o
 .debug_info    0x00000e43     0x1631 src\main.o
 .debug_info    0x00002474       0x65 src\startup_stm32f411xe.o
 .debug_info    0x000024d9      0x4ca src\system_stm32f4xx.o

.debug_abbrev   0x00000000      0x48e
 .debug_abbrev  0x00000000      0x14a src\conf_gpio.o
 .debug_abbrev  0x0000014a      0x213 src\main.o
 .debug_abbrev  0x0000035d       0x12 src\startup_stm32f411xe.o
 .debug_abbrev  0x0000036f      0x11f src\system_stm32f4xx.o

.debug_aranges  0x00000000       0xa8
 .debug_aranges
                0x00000000       0x20 src\conf_gpio.o
 .debug_aranges
                0x00000020       0x38 src\main.o
 .debug_aranges
                0x00000058       0x28 src\startup_stm32f411xe.o
 .debug_aranges
                0x00000080       0x28 src\system_stm32f4xx.o

.debug_ranges   0x00000000       0x70
 .debug_ranges  0x00000000       0x10 src\conf_gpio.o
 .debug_ranges  0x00000010       0x28 src\main.o
 .debug_ranges  0x00000038       0x20 src\startup_stm32f411xe.o
 .debug_ranges  0x00000058       0x18 src\system_stm32f4xx.o

.debug_line     0x00000000      0x6ba
 .debug_line    0x00000000      0x1d2 src\conf_gpio.o
 .debug_line    0x000001d2      0x294 src\main.o
 .debug_line    0x00000466       0x7b src\startup_stm32f411xe.o
 .debug_line    0x000004e1      0x1d9 src\system_stm32f4xx.o

.debug_str      0x00000000     0x2b97
 .debug_str     0x00000000     0x2544 src\conf_gpio.o
                               0x2589 (size before relaxing)
 .debug_str     0x00002544      0x5ef src\main.o
                               0x2b30 (size before relaxing)
 .debug_str     0x00002b33       0x64 src\system_stm32f4xx.o
                                0x381 (size before relaxing)

.comment        0x00000000       0x7c
 .comment       0x00000000       0x7c src\conf_gpio.o
                                 0x7d (size before relaxing)
 .comment       0x0000007c       0x7d src\main.o
 .comment       0x0000007c       0x7d src\system_stm32f4xx.o

.debug_frame    0x00000000      0x160
 .debug_frame   0x00000000       0x38 src\conf_gpio.o
 .debug_frame   0x00000038       0xa4 src\main.o
 .debug_frame   0x000000dc       0x58 src\system_stm32f4xx.o
 .debug_frame   0x00000134       0x2c d:/aplikacje/atollictruestudio/truestudio for stm32 9.3.0/armtools/bin/../lib/gcc/arm-atollic-eabi/6.3.1/../../../../arm-atollic-eabi/lib/armv7e-m/fpu\libc_nano.a(lib_a-init.o)

.stabstr        0x00000000       0x3f
 .stabstr       0x00000000       0x3f d:/aplikacje/atollictruestudio/truestudio for stm32 9.3.0/armtools/bin/../lib/gcc/arm-atollic-eabi/6.3.1/../../../../arm-atollic-eabi/lib/armv7e-m/fpu\libnosys.a(write.o)

Cross Reference Table

Symbol                                            File
ADC_IRQHandler                                    src\startup_stm32f411xe.o
AHBPrescTable                                     src\system_stm32f4xx.o
BB_PERIPH                                         src\main.o
BB_SRAM2                                          src\main.o
BusFault_Handler                                  src\startup_stm32f411xe.o
DMA1_Stream0_IRQHandler                           src\startup_stm32f411xe.o
DMA1_Stream1_IRQHandler                           src\startup_stm32f411xe.o
DMA1_Stream2_IRQHandler                           src\startup_stm32f411xe.o
DMA1_Stream3_IRQHandler                           src\startup_stm32f411xe.o
DMA1_Stream4_IRQHandler                           src\startup_stm32f411xe.o
DMA1_Stream5_IRQHandler                           src\startup_stm32f411xe.o
DMA1_Stream6_IRQHandler                           src\startup_stm32f411xe.o
DMA1_Stream7_IRQHandler                           src\startup_stm32f411xe.o
DMA2_Stream0_IRQHandler                           src\startup_stm32f411xe.o
DMA2_Stream1_IRQHandler                           src\startup_stm32f411xe.o
DMA2_Stream2_IRQHandler                           src\startup_stm32f411xe.o
DMA2_Stream3_IRQHandler                           src\startup_stm32f411xe.o
DMA2_Stream4_IRQHandler                           src\startup_stm32f411xe.o
DMA2_Stream5_IRQHandler                           src\startup_stm32f411xe.o
DMA2_Stream6_IRQHandler                           src\startup_stm32f411xe.o
DMA2_Stream7_IRQHandler                           src\startup_stm32f411xe.o
DebugMon_Handler                                  src\startup_stm32f411xe.o
Default_Handler                                   src\startup_stm32f411xe.o
EXTI0_IRQHandler                                  src\startup_stm32f411xe.o
EXTI15_10_IRQHandler                              src\startup_stm32f411xe.o
EXTI1_IRQHandler                                  src\startup_stm32f411xe.o
EXTI2_IRQHandler                                  src\startup_stm32f411xe.o
EXTI3_IRQHandler                                  src\startup_stm32f411xe.o
EXTI4_IRQHandler                                  src\startup_stm32f411xe.o
EXTI9_5_IRQHandler                                src\startup_stm32f411xe.o
FLASH_IRQHandler                                  src\startup_stm32f411xe.o
FPU_IRQHandler                                    src\startup_stm32f411xe.o
HardFault_Handler                                 src\startup_stm32f411xe.o
I2C1_ER_IRQHandler                                src\startup_stm32f411xe.o
I2C1_EV_IRQHandler                                src\startup_stm32f411xe.o
I2C2_ER_IRQHandler                                src\startup_stm32f411xe.o
I2C2_EV_IRQHandler                                src\startup_stm32f411xe.o
I2C3_ER_IRQHandler                                src\startup_stm32f411xe.o
I2C3_EV_IRQHandler                                src\startup_stm32f411xe.o
MemManage_Handler                                 src\startup_stm32f411xe.o
NMI_Handler                                       src\startup_stm32f411xe.o
OTG_FS_IRQHandler                                 src\startup_stm32f411xe.o
OTG_FS_WKUP_IRQHandler                            src\startup_stm32f411xe.o
PERIPH_ADR_COND                                   src\main.o
PVD_IRQHandler                                    src\startup_stm32f411xe.o
PendSV_Handler                                    src\startup_stm32f411xe.o
RCC_IRQHandler                                    src\startup_stm32f411xe.o
RTC_Alarm_IRQHandler                              src\startup_stm32f411xe.o
RTC_WKUP_IRQHandler                               src\startup_stm32f411xe.o
Reset_Handler                                     src\startup_stm32f411xe.o
SDIO_IRQHandler                                   src\startup_stm32f411xe.o
SPI1_IRQHandler                                   src\startup_stm32f411xe.o
SPI2_IRQHandler                                   src\startup_stm32f411xe.o
SPI3_IRQHandler                                   src\startup_stm32f411xe.o
SPI4_IRQHandler                                   src\startup_stm32f411xe.o
SPI5_IRQHandler                                   src\startup_stm32f411xe.o
SRAM_ADR_COND                                     src\main.o
SVC_Handler                                       src\startup_stm32f411xe.o
SysTick_Handler                                   src\main.o
SystemCoreClock                                   src\system_stm32f4xx.o
SystemCoreClockUpdate                             src\system_stm32f4xx.o
SystemInit                                        src\system_stm32f4xx.o
                                                  src\startup_stm32f411xe.o
TAMP_STAMP_IRQHandler                             src\startup_stm32f411xe.o
TIM1_BRK_TIM9_IRQHandler                          src\startup_stm32f411xe.o
TIM1_CC_IRQHandler                                src\startup_stm32f411xe.o
TIM1_TRG_COM_TIM11_IRQHandler                     src\startup_stm32f411xe.o
TIM1_UP_TIM10_IRQHandler                          src\startup_stm32f411xe.o
TIM2_IRQHandler                                   src\startup_stm32f411xe.o
TIM3_IRQHandler                                   src\startup_stm32f411xe.o
TIM4_IRQHandler                                   src\startup_stm32f411xe.o
TIM5_IRQHandler                                   src\startup_stm32f411xe.o
USART1_IRQHandler                                 src\startup_stm32f411xe.o
USART2_IRQHandler                                 src\startup_stm32f411xe.o
USART6_IRQHandler                                 src\startup_stm32f411xe.o
UsageFault_Handler                                src\startup_stm32f411xe.o
WWDG_IRQHandler                                   src\startup_stm32f411xe.o
__deregister_frame_info                           d:/aplikacje/atollictruestudio/truestudio for stm32 9.3.0/armtools/bin/../lib/gcc/arm-atollic-eabi/6.3.1/armv7e-m/fpu/crtbegin.o
__dso_handle                                      d:/aplikacje/atollictruestudio/truestudio for stm32 9.3.0/armtools/bin/../lib/gcc/arm-atollic-eabi/6.3.1/armv7e-m/fpu/crtbegin.o
__init_array_end                                  d:/aplikacje/atollictruestudio/truestudio for stm32 9.3.0/armtools/bin/../lib/gcc/arm-atollic-eabi/6.3.1/../../../../arm-atollic-eabi/lib/armv7e-m/fpu\libc_nano.a(lib_a-init.o)
__init_array_start                                d:/aplikacje/atollictruestudio/truestudio for stm32 9.3.0/armtools/bin/../lib/gcc/arm-atollic-eabi/6.3.1/../../../../arm-atollic-eabi/lib/armv7e-m/fpu\libc_nano.a(lib_a-init.o)
__libc_init_array                                 d:/aplikacje/atollictruestudio/truestudio for stm32 9.3.0/armtools/bin/../lib/gcc/arm-atollic-eabi/6.3.1/../../../../arm-atollic-eabi/lib/armv7e-m/fpu\libc_nano.a(lib_a-init.o)
                                                  src\startup_stm32f411xe.o
__preinit_array_end                               d:/aplikacje/atollictruestudio/truestudio for stm32 9.3.0/armtools/bin/../lib/gcc/arm-atollic-eabi/6.3.1/../../../../arm-atollic-eabi/lib/armv7e-m/fpu\libc_nano.a(lib_a-init.o)
__preinit_array_start                             d:/aplikacje/atollictruestudio/truestudio for stm32 9.3.0/armtools/bin/../lib/gcc/arm-atollic-eabi/6.3.1/../../../../arm-atollic-eabi/lib/armv7e-m/fpu\libc_nano.a(lib_a-init.o)
__register_frame_info                             d:/aplikacje/atollictruestudio/truestudio for stm32 9.3.0/armtools/bin/../lib/gcc/arm-atollic-eabi/6.3.1/armv7e-m/fpu/crtbegin.o
_ebss                                             src\startup_stm32f411xe.o
_edata                                            src\startup_stm32f411xe.o
_estack                                           src\startup_stm32f411xe.o
_fini                                             d:/aplikacje/atollictruestudio/truestudio for stm32 9.3.0/armtools/bin/../lib/gcc/arm-atollic-eabi/6.3.1/armv7e-m/fpu/crti.o
_init                                             d:/aplikacje/atollictruestudio/truestudio for stm32 9.3.0/armtools/bin/../lib/gcc/arm-atollic-eabi/6.3.1/armv7e-m/fpu/crti.o
                                                  d:/aplikacje/atollictruestudio/truestudio for stm32 9.3.0/armtools/bin/../lib/gcc/arm-atollic-eabi/6.3.1/../../../../arm-atollic-eabi/lib/armv7e-m/fpu\libc_nano.a(lib_a-init.o)
_sbss                                             src\startup_stm32f411xe.o
_sdata                                            src\startup_stm32f411xe.o
_sidata                                           src\startup_stm32f411xe.o
_write                                            d:/aplikacje/atollictruestudio/truestudio for stm32 9.3.0/armtools/bin/../lib/gcc/arm-atollic-eabi/6.3.1/../../../../arm-atollic-eabi/lib/armv7e-m/fpu\libnosys.a(write.o)
                                                  src\tiny_printf.o
errno                                             d:/aplikacje/atollictruestudio/truestudio for stm32 9.3.0/armtools/bin/../lib/gcc/arm-atollic-eabi/6.3.1/../../../../arm-atollic-eabi/lib/armv7e-m/fpu\libnosys.a(errno.o)
                                                  d:/aplikacje/atollictruestudio/truestudio for stm32 9.3.0/armtools/bin/../lib/gcc/arm-atollic-eabi/6.3.1/../../../../arm-atollic-eabi/lib/armv7e-m/fpu\libnosys.a(write.o)
fiprintf                                          src\tiny_printf.o
fprintf                                           src\tiny_printf.o
fputs                                             src\tiny_printf.o
fwrite                                            src\tiny_printf.o
g_pfnVectors                                      src\startup_stm32f411xe.o
gpio_pin_cfg                                      src\conf_gpio.o
                                                  src\main.o
iprintf                                           src\tiny_printf.o
main                                              src\main.o
                                                  src\startup_stm32f411xe.o
printf                                            src\tiny_printf.o
puts                                              src\tiny_printf.o
reminder                                          src\main.o
siprintf                                          src\tiny_printf.o
sprintf                                           src\tiny_printf.o
strlen                                            d:/aplikacje/atollictruestudio/truestudio for stm32 9.3.0/armtools/bin/../lib/gcc/arm-atollic-eabi/6.3.1/../../../../arm-atollic-eabi/lib/armv7e-m/fpu\libc_nano.a(lib_a-strlen.o)
                                                  src\tiny_printf.o
ts_formatlength                                   src\tiny_printf.o
ts_formatstring                                   src\tiny_printf.o
ts_itoa                                           src\tiny_printf.o
